

python : Traceback (most 
recent call last):
At line:1 char:1
+ python backend\test_age_fi
ltering.py > 
test_output.txt 2>&1
+ ~~~~~~~~~~~~~~~~~~~~~~~~~~
~~~~~~~~~~~~~~~~~~~~~~~~~~~~
~~~~~
    + CategoryInfo          
    : NotSpecified: (Trace  
  back (most recent call    
 last)::String) [], Remo    
teException
    + FullyQualifiedErrorId 
    : NativeCommandError
 
  File "C:\Users\Admin\OneDr
ive\Documents\RajanadiAstro\
backend\test_age_filtering.p
y", line 199, in <module>
    run_all_tests()
    ~~~~~~~~~~~~~^^
  File "C:\Users\Admin\OneDr
ive\Documents\RajanadiAstro\
backend\test_age_filtering.p
y", line 175, in 
run_all_tests
    print("\u2554" + "=" * 
58 + "\u2557")
    
~~~~~^^^^^^^^^^^^^^^^^^^^^^
  File "C:\Python314\Lib\enc
odings\cp1252.py", line 19, 
in encode
    return codecs.charmap_en
code(input,self.errors,encod
ing_table)[0]
           ~~~~~~~~~~~~~~~~~
~~~~^^^^^^^^^^^^^^^^^^^^^^^^
^^^^^^^^^^
UnicodeEncodeError: 
'charmap' codec can't 
encode character '\u2554' 
in position 0: character 
maps to <undefined>
